// Jest Snapshot v1, https://goo.gl/fbAQLP

exports[`should only act on HTML strings 1`] = `"Some text without any tags."`;

exports[`should only act on HTML strings 2`] = `Object {}`;

exports[`should only act on HTML strings 3`] = `Array []`;

exports[`should only act on HTML strings 4`] = `0`;

exports[`should only act on HTML strings 5`] = `true`;

exports[`should only act on HTML strings 6`] = `[Function]`;

exports[`should remove extra hyper comments from the html 1`] = `
<section>
  <foo-hyper-app>
    
  
    <!-- This is my comment -->
    
  
    <h1>
      Hello hyperHTML !
    </h1>
    
  
    
    
  
    <h1>
      Hello world !
    </h1>
    
  
    
    

  </foo-hyper-app>
  

</section>
`;
